// Jest Snapshot v1, https://goo.gl/fbAQLP

exports[`WithImage renders header background image 1`] = `
.c3 {
  margin: 0 auto;
  max-width: 1440px;
  width: 100%;
  padding-left: 16px;
  padding-right: 16px;
  box-sizing: border-box;
}

.c5 {
  display: -webkit-box;
  display: -webkit-flex;
  display: -ms-flexbox;
  display: flex;
  -webkit-flex: 0 1 auto;
  -ms-flex: 0 1 auto;
  flex: 0 1 auto;
  -webkit-flex-direction: row;
  -ms-flex-direction: row;
  flex-direction: row;
  -webkit-flex-wrap: wrap;
  -ms-flex-wrap: wrap;
  flex-wrap: wrap;
  box-sizing: border-box;
  margin-left: -8px;
  margin-right: -8px;
}

.c5 .c5 {
  -webkit-flex: 0 1 100%;
  -ms-flex: 0 1 100%;
  flex: 0 1 100%;
  margin-left: 0;
  margin-right: 0;
}

.c1 {
  z-index: 1;
  background-image: linear-gradient(76deg,#026cdf,#3ac7ff);
  position: absolute;
  top: 0;
  left: 0;
  right: 0;
  z-index: 1;
  min-height: 218px;
  max-height: 218px;
  background-size: cover;
  background-repeat: no-repeat;
}

.c1.gradient--overlay:after,
.c1.gradient--underlay:after {
  height: 100%;
  content: "";
  top: 0;
  left: 0;
  right: 0;
  position: absolute;
}

.c1.gradient--overlay:after {
  z-index: 2;
  opacity: 0.4;
  background-image: linear-gradient(77deg,rgba(0,0,0,0),#000000);
}

.c1.gradient--underlay:after {
  z-index: -1;
  opacity: 0.8;
  background-image: linear-gradient(76deg,#026cdf,#3ac7ff);
}

.c0 {
  width: 100%;
  position: relative;
}

.c2 {
  padding-top: 60px;
  z-index: 2;
}

.c4 {
  -webkit-align-items: center;
  -webkit-box-align: center;
  -ms-flex-align: center;
  align-items: center;
  position: relative;
  z-index: 2;
}

.c6 {
  box-sizing: border-box;
  padding-right: 8px;
  padding-left: 8px;
  max-width: 100%;
  -webkit-flex: 0 0 100%;
  -ms-flex: 0 0 100%;
  flex: 0 0 100%;
}

@media screen and (min-width:768px) {
  .c3 {
    padding-left: 24px;
    padding-right: 24px;
  }
}

@media screen and (min-width:768px) {
  .c5 {
    margin-left: -12px;
    margin-right: -12px;
  }
}

@media screen and (min-width:768px) {
  .c1 {
    background-image: linear-gradient(80deg,#026cdf,#3ac7ff);
  }
}

@media screen and (min-width:1024px) {
  .c1 {
    background-image: linear-gradient(81deg,#026cdf,#3ac7ff);
  }
}

@media screen and (min-width:768px) {
  .c1.gradient--overlay:after {
    background-image: linear-gradient(82deg,rgba(0,0,0,0),#000000);
  }
}

@media screen and (min-width:1024px) {
  .c1.gradient--overlay:after {
    background-image: linear-gradient(86deg,rgba(0,0,0,0),#000000);
  }
}

@media screen and (min-width:768px) {
  .c1.gradient--underlay:after {
    background-image: linear-gradient(80deg,#026cdf,#3ac7ff);
  }
}

@media screen and (min-width:1024px) {
  .c1.gradient--underlay:after {
    background-image: linear-gradient(81deg,#026cdf,#3ac7ff);
  }
}

@media screen and (min-width:480px) {
  .c7 {
    padding-top: 60px;
  }
}

@media screen and (min-width:768px) {
  .c6 {
    max-width: 100%;
    padding-right: 12px;
    padding-left: 12px;
    -webkit-flex: 0 0 100%;
    -ms-flex: 0 0 100%;
    flex: 0 0 100%;
  }
}

@media screen and (min-width:1024px) {
  .c6 {
    max-width: 100%;
    -webkit-flex: 0 0 100%;
    -ms-flex: 0 0 100%;
    flex: 0 0 100%;
  }
}

@media screen and (min-width:1440px) {
  .c6 {
    max-width: 100%;
    -webkit-flex: 0 0 100%;
    -ms-flex: 0 0 100%;
    flex: 0 0 100%;
  }
}

<header
  className="c0"
>
  <span
    aria-hidden={true}
    className="c1"
    from="#026cdf"
    style={
      Object {
        "backgroundImage": "url(https://placekitten.com/g/2/2)",
      }
    }
    to="#3ac7ff"
  />
  <div
    className="c2 c3"
  >
    <div
      className="c4 c5"
    >
      <div
        className="c6"
      >
        <div
          className="c7"
        >
          <img
            alt="place holder"
            src="https://placekitten.com/g/400/242"
          />
        </div>
      </div>
    </div>
  </div>
</header>
`;

exports[`WithImage renders header background image correctly when a withOverlay prop equaling true is passed 1`] = `
.c3 {
  margin: 0 auto;
  max-width: 1440px;
  width: 100%;
  padding-left: 16px;
  padding-right: 16px;
  box-sizing: border-box;
}

.c5 {
  display: -webkit-box;
  display: -webkit-flex;
  display: -ms-flexbox;
  display: flex;
  -webkit-flex: 0 1 auto;
  -ms-flex: 0 1 auto;
  flex: 0 1 auto;
  -webkit-flex-direction: row;
  -ms-flex-direction: row;
  flex-direction: row;
  -webkit-flex-wrap: wrap;
  -ms-flex-wrap: wrap;
  flex-wrap: wrap;
  box-sizing: border-box;
  margin-left: -8px;
  margin-right: -8px;
}

.c5 .c5 {
  -webkit-flex: 0 1 100%;
  -ms-flex: 0 1 100%;
  flex: 0 1 100%;
  margin-left: 0;
  margin-right: 0;
}

.c1 {
  z-index: 1;
  background-image: linear-gradient(76deg,#026cdf,#3ac7ff);
  position: absolute;
  top: 0;
  left: 0;
  right: 0;
  z-index: 1;
  min-height: 218px;
  max-height: 218px;
  background-size: cover;
  background-repeat: no-repeat;
}

.c1.gradient--overlay:after,
.c1.gradient--underlay:after {
  height: 100%;
  content: "";
  top: 0;
  left: 0;
  right: 0;
  position: absolute;
}

.c1.gradient--overlay:after {
  z-index: 2;
  opacity: 0.4;
  background-image: linear-gradient(77deg,rgba(0,0,0,0),#000000);
}

.c1.gradient--underlay:after {
  z-index: -1;
  opacity: 0.8;
  background-image: linear-gradient(76deg,#026cdf,#3ac7ff);
}

.c0 {
  width: 100%;
  position: relative;
}

.c2 {
  padding-top: 60px;
  z-index: 2;
}

.c4 {
  -webkit-align-items: center;
  -webkit-box-align: center;
  -ms-flex-align: center;
  align-items: center;
  position: relative;
  z-index: 2;
}

.c6 {
  box-sizing: border-box;
  padding-right: 8px;
  padding-left: 8px;
  max-width: 100%;
  -webkit-flex: 0 0 100%;
  -ms-flex: 0 0 100%;
  flex: 0 0 100%;
}

@media screen and (min-width:768px) {
  .c3 {
    padding-left: 24px;
    padding-right: 24px;
  }
}

@media screen and (min-width:768px) {
  .c5 {
    margin-left: -12px;
    margin-right: -12px;
  }
}

@media screen and (min-width:768px) {
  .c1 {
    background-image: linear-gradient(80deg,#026cdf,#3ac7ff);
  }
}

@media screen and (min-width:1024px) {
  .c1 {
    background-image: linear-gradient(81deg,#026cdf,#3ac7ff);
  }
}

@media screen and (min-width:768px) {
  .c1.gradient--overlay:after {
    background-image: linear-gradient(82deg,rgba(0,0,0,0),#000000);
  }
}

@media screen and (min-width:1024px) {
  .c1.gradient--overlay:after {
    background-image: linear-gradient(86deg,rgba(0,0,0,0),#000000);
  }
}

@media screen and (min-width:768px) {
  .c1.gradient--underlay:after {
    background-image: linear-gradient(80deg,#026cdf,#3ac7ff);
  }
}

@media screen and (min-width:1024px) {
  .c1.gradient--underlay:after {
    background-image: linear-gradient(81deg,#026cdf,#3ac7ff);
  }
}

@media screen and (min-width:480px) {
  .c7 {
    padding-top: 60px;
  }
}

@media screen and (min-width:768px) {
  .c6 {
    max-width: 100%;
    padding-right: 12px;
    padding-left: 12px;
    -webkit-flex: 0 0 100%;
    -ms-flex: 0 0 100%;
    flex: 0 0 100%;
  }
}

@media screen and (min-width:1024px) {
  .c6 {
    max-width: 100%;
    -webkit-flex: 0 0 100%;
    -ms-flex: 0 0 100%;
    flex: 0 0 100%;
  }
}

@media screen and (min-width:1440px) {
  .c6 {
    max-width: 100%;
    -webkit-flex: 0 0 100%;
    -ms-flex: 0 0 100%;
    flex: 0 0 100%;
  }
}

<header
  className="c0"
>
  <span
    aria-hidden={true}
    className="gradient--overlay c1"
    from="#026cdf"
    style={
      Object {
        "backgroundImage": "url(https://placekitten.com/g/2/2)",
      }
    }
    to="#3ac7ff"
  />
  <div
    className="c2 c3"
  >
    <div
      className="c4 c5"
    >
      <div
        className="c6"
      >
        <div
          className="c7"
        >
          <img
            alt="place holder"
            src="https://placekitten.com/g/400/242"
          />
        </div>
      </div>
    </div>
  </div>
</header>
`;

exports[`WithImage renders header background image correctly when a withUnderlay prop equaling true is passed 1`] = `
.c3 {
  margin: 0 auto;
  max-width: 1440px;
  width: 100%;
  padding-left: 16px;
  padding-right: 16px;
  box-sizing: border-box;
}

.c5 {
  display: -webkit-box;
  display: -webkit-flex;
  display: -ms-flexbox;
  display: flex;
  -webkit-flex: 0 1 auto;
  -ms-flex: 0 1 auto;
  flex: 0 1 auto;
  -webkit-flex-direction: row;
  -ms-flex-direction: row;
  flex-direction: row;
  -webkit-flex-wrap: wrap;
  -ms-flex-wrap: wrap;
  flex-wrap: wrap;
  box-sizing: border-box;
  margin-left: -8px;
  margin-right: -8px;
}

.c5 .c5 {
  -webkit-flex: 0 1 100%;
  -ms-flex: 0 1 100%;
  flex: 0 1 100%;
  margin-left: 0;
  margin-right: 0;
}

.c1 {
  z-index: 1;
  background-image: linear-gradient(76deg,#026cdf,#3ac7ff);
  position: absolute;
  top: 0;
  left: 0;
  right: 0;
  z-index: 1;
  min-height: 218px;
  max-height: 218px;
  background-size: cover;
  background-repeat: no-repeat;
}

.c1.gradient--overlay:after,
.c1.gradient--underlay:after {
  height: 100%;
  content: "";
  top: 0;
  left: 0;
  right: 0;
  position: absolute;
}

.c1.gradient--overlay:after {
  z-index: 2;
  opacity: 0.4;
  background-image: linear-gradient(77deg,rgba(0,0,0,0),#000000);
}

.c1.gradient--underlay:after {
  z-index: -1;
  opacity: 0.8;
  background-image: linear-gradient(76deg,#026cdf,#3ac7ff);
}

.c0 {
  width: 100%;
  position: relative;
}

.c2 {
  padding-top: 60px;
  z-index: 2;
}

.c4 {
  -webkit-align-items: center;
  -webkit-box-align: center;
  -ms-flex-align: center;
  align-items: center;
  position: relative;
  z-index: 2;
}

.c6 {
  box-sizing: border-box;
  padding-right: 8px;
  padding-left: 8px;
  max-width: 100%;
  -webkit-flex: 0 0 100%;
  -ms-flex: 0 0 100%;
  flex: 0 0 100%;
}

@media screen and (min-width:768px) {
  .c3 {
    padding-left: 24px;
    padding-right: 24px;
  }
}

@media screen and (min-width:768px) {
  .c5 {
    margin-left: -12px;
    margin-right: -12px;
  }
}

@media screen and (min-width:768px) {
  .c1 {
    background-image: linear-gradient(80deg,#026cdf,#3ac7ff);
  }
}

@media screen and (min-width:1024px) {
  .c1 {
    background-image: linear-gradient(81deg,#026cdf,#3ac7ff);
  }
}

@media screen and (min-width:768px) {
  .c1.gradient--overlay:after {
    background-image: linear-gradient(82deg,rgba(0,0,0,0),#000000);
  }
}

@media screen and (min-width:1024px) {
  .c1.gradient--overlay:after {
    background-image: linear-gradient(86deg,rgba(0,0,0,0),#000000);
  }
}

@media screen and (min-width:768px) {
  .c1.gradient--underlay:after {
    background-image: linear-gradient(80deg,#026cdf,#3ac7ff);
  }
}

@media screen and (min-width:1024px) {
  .c1.gradient--underlay:after {
    background-image: linear-gradient(81deg,#026cdf,#3ac7ff);
  }
}

@media screen and (min-width:480px) {
  .c7 {
    padding-top: 60px;
  }
}

@media screen and (min-width:768px) {
  .c6 {
    max-width: 100%;
    padding-right: 12px;
    padding-left: 12px;
    -webkit-flex: 0 0 100%;
    -ms-flex: 0 0 100%;
    flex: 0 0 100%;
  }
}

@media screen and (min-width:1024px) {
  .c6 {
    max-width: 100%;
    -webkit-flex: 0 0 100%;
    -ms-flex: 0 0 100%;
    flex: 0 0 100%;
  }
}

@media screen and (min-width:1440px) {
  .c6 {
    max-width: 100%;
    -webkit-flex: 0 0 100%;
    -ms-flex: 0 0 100%;
    flex: 0 0 100%;
  }
}

<header
  className="c0"
>
  <span
    aria-hidden={true}
    className="gradient--underlay c1"
    from="#026cdf"
    style={
      Object {
        "backgroundImage": "url(https://placekitten.com/g/2/2)",
      }
    }
    to="#3ac7ff"
  />
  <div
    className="c2 c3"
  >
    <div
      className="c4 c5"
    >
      <div
        className="c6"
      >
        <div
          className="c7"
        >
          <img
            alt="place holder"
            src="https://placekitten.com/g/400/242"
          />
        </div>
      </div>
    </div>
  </div>
</header>
`;

exports[`WithImage renders header with image 1`] = `
.c3 {
  margin: 0 auto;
  max-width: 1440px;
  width: 100%;
  padding-left: 16px;
  padding-right: 16px;
  box-sizing: border-box;
}

.c5 {
  display: -webkit-box;
  display: -webkit-flex;
  display: -ms-flexbox;
  display: flex;
  -webkit-flex: 0 1 auto;
  -ms-flex: 0 1 auto;
  flex: 0 1 auto;
  -webkit-flex-direction: row;
  -ms-flex-direction: row;
  flex-direction: row;
  -webkit-flex-wrap: wrap;
  -ms-flex-wrap: wrap;
  flex-wrap: wrap;
  box-sizing: border-box;
  margin-left: -8px;
  margin-right: -8px;
}

.c5 .c5 {
  -webkit-flex: 0 1 100%;
  -ms-flex: 0 1 100%;
  flex: 0 1 100%;
  margin-left: 0;
  margin-right: 0;
}

.c1 {
  z-index: 1;
  background-image: linear-gradient(76deg,#026cdf,#3ac7ff);
  position: absolute;
  top: 0;
  left: 0;
  right: 0;
  z-index: 1;
  min-height: 218px;
  max-height: 218px;
}

.c1.gradient--overlay:after,
.c1.gradient--underlay:after {
  height: 100%;
  content: "";
  top: 0;
  left: 0;
  right: 0;
  position: absolute;
}

.c1.gradient--overlay:after {
  z-index: 2;
  opacity: 0.4;
  background-image: linear-gradient(77deg,rgba(0,0,0,0),#000000);
}

.c1.gradient--underlay:after {
  z-index: -1;
  opacity: 0.8;
  background-image: linear-gradient(76deg,#026cdf,#3ac7ff);
}

.c0 {
  width: 100%;
  position: relative;
}

.c2 {
  padding-top: 60px;
  z-index: 2;
}

.c4 {
  -webkit-align-items: center;
  -webkit-box-align: center;
  -ms-flex-align: center;
  align-items: center;
  position: relative;
  z-index: 2;
}

.c6 {
  box-sizing: border-box;
  padding-right: 8px;
  padding-left: 8px;
  max-width: 100%;
  -webkit-flex: 0 0 100%;
  -ms-flex: 0 0 100%;
  flex: 0 0 100%;
}

@media screen and (min-width:768px) {
  .c3 {
    padding-left: 24px;
    padding-right: 24px;
  }
}

@media screen and (min-width:768px) {
  .c5 {
    margin-left: -12px;
    margin-right: -12px;
  }
}

@media screen and (min-width:768px) {
  .c1 {
    background-image: linear-gradient(80deg,#026cdf,#3ac7ff);
  }
}

@media screen and (min-width:1024px) {
  .c1 {
    background-image: linear-gradient(81deg,#026cdf,#3ac7ff);
  }
}

@media screen and (min-width:768px) {
  .c1.gradient--overlay:after {
    background-image: linear-gradient(82deg,rgba(0,0,0,0),#000000);
  }
}

@media screen and (min-width:1024px) {
  .c1.gradient--overlay:after {
    background-image: linear-gradient(86deg,rgba(0,0,0,0),#000000);
  }
}

@media screen and (min-width:768px) {
  .c1.gradient--underlay:after {
    background-image: linear-gradient(80deg,#026cdf,#3ac7ff);
  }
}

@media screen and (min-width:1024px) {
  .c1.gradient--underlay:after {
    background-image: linear-gradient(81deg,#026cdf,#3ac7ff);
  }
}

@media screen and (min-width:480px) {
  .c7 {
    padding-top: 60px;
  }
}

@media screen and (min-width:768px) {
  .c6 {
    max-width: 100%;
    padding-right: 12px;
    padding-left: 12px;
    -webkit-flex: 0 0 100%;
    -ms-flex: 0 0 100%;
    flex: 0 0 100%;
  }
}

@media screen and (min-width:1024px) {
  .c6 {
    max-width: 100%;
    -webkit-flex: 0 0 100%;
    -ms-flex: 0 0 100%;
    flex: 0 0 100%;
  }
}

@media screen and (min-width:1440px) {
  .c6 {
    max-width: 100%;
    -webkit-flex: 0 0 100%;
    -ms-flex: 0 0 100%;
    flex: 0 0 100%;
  }
}

<header
  className="c0"
>
  <span
    className="c1"
    from="#026cdf"
    to="#3ac7ff"
  />
  <div
    className="c2 c3"
  >
    <div
      className="c4 c5"
    >
      <div
        className="c6"
      >
        <div
          className="c7"
        >
          <img
            alt="place holder"
            src="https://placekitten.com/g/400/242"
          />
        </div>
      </div>
    </div>
  </div>
</header>
`;
