// Jest Snapshot v1, https://goo.gl/fbAQLP

exports[`<BottomSheet /> removes the BottomSheet on clicking cancel 1`] = `"<div class=\\"sc-bZQynM iBKcXm\\" role=\\"dialog\\" aria-modal=\\"true\\"><div class=\\"sc-gzVnrw dvqgBN sc-bwzfXH FGnNw\\"><button class=\\"button--cancel sc-EHOje latdDv\\" size=\\"45\\" aria-label=\\"Close BottomSheet\\" role=\\"button\\"><svg viewBox=\\"0 0 12 12\\" width=\\"12\\" height=\\"12\\" fill=\\"rgba(0, 0, 15, 1)\\"><path d=\\"M6.563 6.203l4.523 4.516a.384.384 0 0 1 .117.281c0 .11-.039.203-.117.281a.378.378 0 0 1-.137.09.417.417 0 0 1-.297 0 .378.378 0 0 1-.136-.09L6 6.766 1.484 11.28a.378.378 0 0 1-.136.09.417.417 0 0 1-.297 0 .378.378 0 0 1-.137-.09A.384.384 0 0 1 .797 11c0-.11.039-.203.117-.281l4.524-4.516L.913 1.68a.384.384 0 0 1-.117-.282c0-.109.039-.203.117-.28A.388.388 0 0 1 1.2 1c.112 0 .207.04.285.117L6 5.633l4.516-4.516A.388.388 0 0 1 10.8 1c.112 0 .207.04.285.117a.384.384 0 0 1 .117.281c0 .11-.039.204-.117.282L6.562 6.203z\\"></path></svg></button></div><div>Europe</div><div>Africa</div><div>Asias</div></div>"`;

exports[`<BottomSheet /> renders BottomSheet Container correctly 1`] = `"<div class=\\"sc-bZQynM iBKcXm\\" role=\\"dialog\\" aria-modal=\\"true\\"><div class=\\"sc-gzVnrw dvqgBN sc-bwzfXH FGnNw\\"><button class=\\"button--cancel sc-EHOje latdDv\\" size=\\"45\\" aria-label=\\"Close BottomSheet\\" role=\\"button\\"><svg viewBox=\\"0 0 12 12\\" width=\\"12\\" height=\\"12\\" fill=\\"rgba(0, 0, 15, 1)\\"><path d=\\"M6.563 6.203l4.523 4.516a.384.384 0 0 1 .117.281c0 .11-.039.203-.117.281a.378.378 0 0 1-.137.09.417.417 0 0 1-.297 0 .378.378 0 0 1-.136-.09L6 6.766 1.484 11.28a.378.378 0 0 1-.136.09.417.417 0 0 1-.297 0 .378.378 0 0 1-.137-.09A.384.384 0 0 1 .797 11c0-.11.039-.203.117-.281l4.524-4.516L.913 1.68a.384.384 0 0 1-.117-.282c0-.109.039-.203.117-.28A.388.388 0 0 1 1.2 1c.112 0 .207.04.285.117L6 5.633l4.516-4.516A.388.388 0 0 1 10.8 1c.112 0 .207.04.285.117a.384.384 0 0 1 .117.281c0 .11-.039.204-.117.282L6.562 6.203z\\"></path></svg></button></div><div>Europe</div><div>Africa</div><div>Asias</div></div>"`;
