// Jest Snapshot v1, https://goo.gl/fbAQLP

exports[`Grid renders medium and up when medium size defined 1`] = `
.c0 {
  margin: 0 auto;
  max-width: 1440px;
  width: 100%;
  padding-left: 16px;
  padding-right: 16px;
  box-sizing: border-box;
}

.c1 {
  display: -webkit-box;
  display: -webkit-flex;
  display: -ms-flexbox;
  display: flex;
  -webkit-flex: 0 1 auto;
  -ms-flex: 0 1 auto;
  flex: 0 1 auto;
  -webkit-flex-direction: row;
  -ms-flex-direction: row;
  flex-direction: row;
  -webkit-flex-wrap: wrap;
  -ms-flex-wrap: wrap;
  flex-wrap: wrap;
  box-sizing: border-box;
  margin-left: -8px;
  margin-right: -8px;
}

.c1 .c1 {
  -webkit-flex: 0 1 100%;
  -ms-flex: 0 1 100%;
  flex: 0 1 100%;
  margin-left: 0;
  margin-right: 0;
}

.c2 {
  box-sizing: border-box;
  padding-right: 8px;
  padding-left: 8px;
  max-width: 100%;
  -webkit-flex: 0 0 100%;
  -ms-flex: 0 0 100%;
  flex: 0 0 100%;
}

@media screen and (min-width:768px) {
  .c0 {
    padding-left: 24px;
    padding-right: 24px;
  }
}

@media screen and (min-width:768px) {
  .c1 {
    margin-left: -12px;
    margin-right: -12px;
  }
}

@media screen and (min-width:768px) {
  .c2 {
    max-width: 50%;
    padding-right: 12px;
    padding-left: 12px;
    -webkit-flex: 0 0 50%;
    -ms-flex: 0 0 50%;
    flex: 0 0 50%;
  }
}

@media screen and (min-width:1024px) {
  .c2 {
    max-width: 50%;
    -webkit-flex: 0 0 50%;
    -ms-flex: 0 0 50%;
    flex: 0 0 50%;
  }
}

@media screen and (min-width:1440px) {
  .c2 {
    max-width: 50%;
    -webkit-flex: 0 0 50%;
    -ms-flex: 0 0 50%;
    flex: 0 0 50%;
  }
}

<div
  className="c0"
>
  <div
    className="c1"
  >
    <div
      className="c2"
    >
      Content
    </div>
  </div>
</div>
`;

exports[`Grid renders multiple sizes defined 1`] = `
.c0 {
  margin: 0 auto;
  max-width: 1440px;
  width: 100%;
  padding-left: 16px;
  padding-right: 16px;
  box-sizing: border-box;
}

.c1 {
  display: -webkit-box;
  display: -webkit-flex;
  display: -ms-flexbox;
  display: flex;
  -webkit-flex: 0 1 auto;
  -ms-flex: 0 1 auto;
  flex: 0 1 auto;
  -webkit-flex-direction: row;
  -ms-flex-direction: row;
  flex-direction: row;
  -webkit-flex-wrap: wrap;
  -ms-flex-wrap: wrap;
  flex-wrap: wrap;
  box-sizing: border-box;
  margin-left: -8px;
  margin-right: -8px;
}

.c1 .c1 {
  -webkit-flex: 0 1 100%;
  -ms-flex: 0 1 100%;
  flex: 0 1 100%;
  margin-left: 0;
  margin-right: 0;
}

.c2 {
  box-sizing: border-box;
  padding-right: 8px;
  padding-left: 8px;
  max-width: 100%;
  -webkit-flex: 0 0 100%;
  -ms-flex: 0 0 100%;
  flex: 0 0 100%;
}

@media screen and (min-width:768px) {
  .c0 {
    padding-left: 24px;
    padding-right: 24px;
  }
}

@media screen and (min-width:768px) {
  .c1 {
    margin-left: -12px;
    margin-right: -12px;
  }
}

@media screen and (min-width:768px) {
  .c2 {
    max-width: 50%;
    padding-right: 12px;
    padding-left: 12px;
    -webkit-flex: 0 0 50%;
    -ms-flex: 0 0 50%;
    flex: 0 0 50%;
  }
}

@media screen and (min-width:1024px) {
  .c2 {
    max-width: 25%;
    -webkit-flex: 0 0 25%;
    -ms-flex: 0 0 25%;
    flex: 0 0 25%;
  }
}

@media screen and (min-width:1440px) {
  .c2 {
    max-width: 8.333333333333332%;
    -webkit-flex: 0 0 8.333333333333332%;
    -ms-flex: 0 0 8.333333333333332%;
    flex: 0 0 8.333333333333332%;
  }
}

<div
  className="c0"
>
  <div
    className="c1"
  >
    <div
      className="c2"
    >
      Content
    </div>
  </div>
</div>
`;

exports[`Grid renders small size defined 1`] = `
.c0 {
  margin: 0 auto;
  max-width: 1440px;
  width: 100%;
  padding-left: 16px;
  padding-right: 16px;
  box-sizing: border-box;
}

.c1 {
  display: -webkit-box;
  display: -webkit-flex;
  display: -ms-flexbox;
  display: flex;
  -webkit-flex: 0 1 auto;
  -ms-flex: 0 1 auto;
  flex: 0 1 auto;
  -webkit-flex-direction: row;
  -ms-flex-direction: row;
  flex-direction: row;
  -webkit-flex-wrap: wrap;
  -ms-flex-wrap: wrap;
  flex-wrap: wrap;
  box-sizing: border-box;
  margin-left: -8px;
  margin-right: -8px;
}

.c1 .c1 {
  -webkit-flex: 0 1 100%;
  -ms-flex: 0 1 100%;
  flex: 0 1 100%;
  margin-left: 0;
  margin-right: 0;
}

.c2 {
  box-sizing: border-box;
  padding-right: 8px;
  padding-left: 8px;
  max-width: 50%;
  -webkit-flex: 0 0 50%;
  -ms-flex: 0 0 50%;
  flex: 0 0 50%;
}

@media screen and (min-width:768px) {
  .c0 {
    padding-left: 24px;
    padding-right: 24px;
  }
}

@media screen and (min-width:768px) {
  .c1 {
    margin-left: -12px;
    margin-right: -12px;
  }
}

@media screen and (min-width:768px) {
  .c2 {
    max-width: 50%;
    padding-right: 12px;
    padding-left: 12px;
    -webkit-flex: 0 0 50%;
    -ms-flex: 0 0 50%;
    flex: 0 0 50%;
  }
}

@media screen and (min-width:1024px) {
  .c2 {
    max-width: 50%;
    -webkit-flex: 0 0 50%;
    -ms-flex: 0 0 50%;
    flex: 0 0 50%;
  }
}

@media screen and (min-width:1440px) {
  .c2 {
    max-width: 50%;
    -webkit-flex: 0 0 50%;
    -ms-flex: 0 0 50%;
    flex: 0 0 50%;
  }
}

<div
  className="c0"
>
  <div
    className="c1"
  >
    <div
      className="c2"
    >
      Content
    </div>
  </div>
</div>
`;

exports[`Grid renders with defaults 1`] = `
.c0 {
  margin: 0 auto;
  max-width: 1440px;
  width: 100%;
  padding-left: 16px;
  padding-right: 16px;
  box-sizing: border-box;
}

.c1 {
  display: -webkit-box;
  display: -webkit-flex;
  display: -ms-flexbox;
  display: flex;
  -webkit-flex: 0 1 auto;
  -ms-flex: 0 1 auto;
  flex: 0 1 auto;
  -webkit-flex-direction: row;
  -ms-flex-direction: row;
  flex-direction: row;
  -webkit-flex-wrap: wrap;
  -ms-flex-wrap: wrap;
  flex-wrap: wrap;
  box-sizing: border-box;
  margin-left: -8px;
  margin-right: -8px;
}

.c1 .c1 {
  -webkit-flex: 0 1 100%;
  -ms-flex: 0 1 100%;
  flex: 0 1 100%;
  margin-left: 0;
  margin-right: 0;
}

.c2 {
  box-sizing: border-box;
  padding-right: 8px;
  padding-left: 8px;
  max-width: 100%;
  -webkit-flex: 0 0 100%;
  -ms-flex: 0 0 100%;
  flex: 0 0 100%;
}

@media screen and (min-width:768px) {
  .c0 {
    padding-left: 24px;
    padding-right: 24px;
  }
}

@media screen and (min-width:768px) {
  .c1 {
    margin-left: -12px;
    margin-right: -12px;
  }
}

@media screen and (min-width:768px) {
  .c2 {
    max-width: 100%;
    padding-right: 12px;
    padding-left: 12px;
    -webkit-flex: 0 0 100%;
    -ms-flex: 0 0 100%;
    flex: 0 0 100%;
  }
}

@media screen and (min-width:1024px) {
  .c2 {
    max-width: 100%;
    -webkit-flex: 0 0 100%;
    -ms-flex: 0 0 100%;
    flex: 0 0 100%;
  }
}

@media screen and (min-width:1440px) {
  .c2 {
    max-width: 100%;
    -webkit-flex: 0 0 100%;
    -ms-flex: 0 0 100%;
    flex: 0 0 100%;
  }
}

<div
  className="c0"
>
  <div
    className="c1"
  >
    <div
      className="c2"
    >
      Content
    </div>
  </div>
</div>
`;
