// Jest Snapshot v1, https://goo.gl/fbAQLP

exports[`<Backdrop /> calls the handleOutsideClick function on clicking overlay 1`] = `
<div
  class="sc-bdVaJa container--overlay fVmPFo"
  data-testid="container--overlay"
>
  <div>
    Europe
  </div>
</div>
`;

exports[`<Backdrop /> calls the onKeyPress function on pressing the ESC key 1`] = `
<div
  class="sc-bdVaJa container--overlay fVmPFo"
>
  <div
    aria-modal="true"
    class="sc-VigVT cjpxrU"
    role="dialog"
  >
    <div
      class="sc-jTzLTM leZhon sc-htpNat hoaOKb"
    >
      <button
        aria-label="Close BottomSheet"
        class="button--cancel sc-gqjmRU eoSmaZ"
        role="button"
        size="45"
      >
        <svg
          fill="rgba(0, 0, 15, 1)"
          height="12"
          viewBox="0 0 12 12"
          width="12"
        >
          <path
            d="M6.563 6.203l4.523 4.516a.384.384 0 0 1 .117.281c0 .11-.039.203-.117.281a.378.378 0 0 1-.137.09.417.417 0 0 1-.297 0 .378.378 0 0 1-.136-.09L6 6.766 1.484 11.28a.378.378 0 0 1-.136.09.417.417 0 0 1-.297 0 .378.378 0 0 1-.137-.09A.384.384 0 0 1 .797 11c0-.11.039-.203.117-.281l4.524-4.516L.913 1.68a.384.384 0 0 1-.117-.282c0-.109.039-.203.117-.28A.388.388 0 0 1 1.2 1c.112 0 .207.04.285.117L6 5.633l4.516-4.516A.388.388 0 0 1 10.8 1c.112 0 .207.04.285.117a.384.384 0 0 1 .117.281c0 .11-.039.204-.117.282L6.562 6.203z"
          />
        </svg>
      </button>
    </div>
    <div>
      Europe
    </div>
    <div>
      Africa
    </div>
    <div>
      Asias
    </div>
  </div>
</div>
`;

exports[`<Backdrop /> renders Backdrop correctly 1`] = `
<div
  class="sc-bdVaJa container--overlay fVmPFo"
>
  <div
    aria-modal="true"
    class="sc-VigVT cjpxrU"
    role="dialog"
  >
    <div
      class="sc-jTzLTM leZhon sc-htpNat hoaOKb"
    >
      <button
        aria-label="Close BottomSheet"
        class="button--cancel sc-gqjmRU eoSmaZ"
        role="button"
        size="45"
      >
        <svg
          fill="rgba(0, 0, 15, 1)"
          height="12"
          viewBox="0 0 12 12"
          width="12"
        >
          <path
            d="M6.563 6.203l4.523 4.516a.384.384 0 0 1 .117.281c0 .11-.039.203-.117.281a.378.378 0 0 1-.137.09.417.417 0 0 1-.297 0 .378.378 0 0 1-.136-.09L6 6.766 1.484 11.28a.378.378 0 0 1-.136.09.417.417 0 0 1-.297 0 .378.378 0 0 1-.137-.09A.384.384 0 0 1 .797 11c0-.11.039-.203.117-.281l4.524-4.516L.913 1.68a.384.384 0 0 1-.117-.282c0-.109.039-.203.117-.28A.388.388 0 0 1 1.2 1c.112 0 .207.04.285.117L6 5.633l4.516-4.516A.388.388 0 0 1 10.8 1c.112 0 .207.04.285.117a.384.384 0 0 1 .117.281c0 .11-.039.204-.117.282L6.562 6.203z"
          />
        </svg>
      </button>
    </div>
    <div>
      Europe
    </div>
    <div>
      Africa
    </div>
    <div>
      Asias
    </div>
  </div>
</div>
`;
